Environment activated. Running Seurat diagnostic script...
---------------------------------------------------------
An object of class Seurat 
25784 features across 21527 samples within 1 assay 
Active assay: RNA (25784 features, 19634 variable features)
 6 layers present: data, counts, scale.data.1, scale.data.2, scale.data.3, scale.data
 3 dimensional reductions calculated: pca, integrated.rpca, umap.rpca
[1] "pca"             "integrated.rpca" "umap.rpca"      
[1] "RNA"
                           orig.ident nCount_RNA nFeature_RNA genotype clusters
AAACCTGAGAGCCCAA-1_1 RL650_col_cvi_r3       2357         1033      col        0
AAACCTGAGGCCCTTG-1_1 RL650_col_cvi_r3       7147         3052      col        1
AAACGGGAGCTAGGCA-1_1 RL650_col_cvi_r3       4120         1760      col        0
AAACGGGCACCCTATC-1_1 RL650_col_cvi_r3       2003         1122      col        2
AAACGGGCAGCATACT-1_1 RL650_col_cvi_r3       3735         1529      col        0
AAACGGGTCGACGGAA-1_1 RL650_col_cvi_r3       7054         2667      col        0
                     seurat_clusters lineage trajectory_clusters pseudotime
AAACCTGAGAGCCCAA-1_1               0 rootcap                rc_4  0.5339074
AAACCTGAGGCCCTTG-1_1               1 rootcap                rc_0  0.3117388
AAACGGGAGCTAGGCA-1_1               0 rootcap                rc_1  0.5008192
AAACGGGCACCCTATC-1_1               2 rootcap                rc_2  0.4420287
AAACGGGCAGCATACT-1_1               0 rootcap                rc_1  0.5075326
AAACGGGTCGACGGAA-1_1               0 rootcap                rc_1  0.3996087
                             identity
AAACCTGAGAGCCCAA-1_1     border cells
AAACCTGAGGCCCTTG-1_1   root cap early
AAACGGGAGCTAGGCA-1_1     root cap tip
AAACGGGCACCCTATC-1_1 root cap lateral
AAACGGGCAGCATACT-1_1     root cap tip
AAACGGGTCGACGGAA-1_1     root cap tip

    border cells        columella      cortex ERS-      cortex ERS+ 
             504              397              283              319 
 endodermis ERS-  endodermis ERS+  epidermis early hair cells early 
             507              770             1179             1024 
 hair cells ERS-  hair cells ERS+  metaphloem ERS-  metaphloem ERS+ 
             223              916              517              498 
  metaxylem ERS-   metaxylem ERS+   non-hair cells         ppp ERS- 
             304              327             1475              530 
        ppp ERS+  procambium ERS-  procambium ERS+ protophloem ERS- 
             618              865              819              297 
protophloem ERS+ protoxylem early  protoxylem ERS-  protoxylem ERS+ 
             171              186              217              117 
  root cap early root cap lateral     root cap tip         xpp ERS- 
            2213             2110             1776              977 
        xpp ERS+ 
            1388 
---------------------------------------------------------
Diagnostic script finished.
